// Jest Snapshot v1, https://goo.gl/fbAQLP

exports[`Display Dot should create valid snapshot 1`] = `
.c0 {
  display: -webkit-box;
  display: -webkit-flex;
  display: -ms-flexbox;
  display: flex;
  -webkit-box-pack: start;
  -webkit-justify-content: flex-start;
  -ms-flex-pack: start;
  justify-content: flex-start;
  -webkit-align-items: center;
  -webkit-box-align: center;
  -ms-flex-align: center;
  align-items: center;
}

.c0 span {
  margin-right: 4px;
}

.c0 span:last-child {
  margin-right: 0;
}

.c1 {
  height: 20px;
  width: 20px;
  background-color: red;
  border-radius: 50%;
  display: inline-block;
}

.c2 {
  height: 20px;
  width: 20px;
  background-color: green;
  border-radius: 50%;
  display: inline-block;
}

.c3 {
  height: 20px;
  width: 20px;
  background-color: blue;
  border-radius: 50%;
  display: inline-block;
}

<span
  class="c0"
>
  <span
    class="c1"
    color="red"
    data-testid="dotitem"
  />
  <span
    class="c2"
    color="green"
    data-testid="dotitem"
  />
  <span
    class="c3"
    color="blue"
    data-testid="dotitem"
  />
</span>
`;
