// Jest Snapshot v1, https://goo.gl/fbAQLP

exports[`Display Button should create valid snapshot 1`] = `
.c1 {
  box-sizing: border-box;
  position: relative;
  display: -webkit-inline-box;
  display: -webkit-inline-flex;
  display: -ms-inline-flexbox;
  display: inline-flex;
  -webkit-align-items: center;
  -webkit-box-align: center;
  -ms-flex-align: center;
  align-items: center;
  -webkit-box-pack: center;
  -webkit-justify-content: center;
  -ms-flex-pack: center;
  justify-content: center;
  border: none;
  border-radius: 50%;
  box-shadow: 0 3px 5px -1px rgb(0 0 0 / 20%), 0 6px 10px 0 rgb(0 0 0 / 14%), 0 1px 18px 0 rgb(0 0 0 / 12%);
  padding: 0;
  width: 48px;
  height: 48px;
  cursor: pointer;
  -webkit-user-select: none;
  -moz-user-select: none;
  -ms-user-select: none;
  user-select: none;
  overflow: hidden;
  color: #ffffff;
  background-color: #1a7f37;
}

.c1 {
  background-position: center;
  -webkit-transition: background 0.4s;
  transition: background 0.4s;
}

.c1:hover .c0:active {
  box-shadow: 0 5px 5px -3px rgb(0 0 0 / 20%), 0 8px 10px 1px rgb(0 0 0 / 14%), 0 3px 14px 2px rgb(0 0 0 / 12%);
}

.c1:disabled,
.c1.disabled,
.c1[aria-disabled=true] {
  color: rgba(255,255,255,0.9) !important;
  background-color: #5ea573 !important;
  cursor: default !important;
}

.c1:hover {
  --hover-background: #47985f;
}

.c1:hover {
  cursor: pointer;
  background: var(--hover-background) radial-gradient(circle,transparent 1%,var(--hover-background) 1%) center/15000%;
}

.c1.ripple:active {
  --active-background: #75b287;
}

.c1.ripple:active {
  background-color: var(--active-background);
  background-size: 100%;
  -webkit-transition: background 0s;
  transition: background 0s;
}

<button
  class="c0 c1"
>
  <svg
    aria-hidden="true"
    class="svg-inline--fa fa-plus fa-w-14 "
    data-icon="plus"
    data-prefix="fas"
    focusable="false"
    role="img"
    viewBox="0 0 448 512"
    xmlns="http://www.w3.org/2000/svg"
  >
    <path
      d="M416 208H272V64c0-17.67-14.33-32-32-32h-32c-17.67 0-32 14.33-32 32v144H32c-17.67 0-32 14.33-32 32v32c0 17.67 14.33 32 32 32h144v144c0 17.67 14.33 32 32 32h32c17.67 0 32-14.33 32-32V304h144c17.67 0 32-14.33 32-32v-32c0-17.67-14.33-32-32-32z"
      fill="currentColor"
    />
  </svg>
</button>
`;
